2026-10-03 08:52:35 | INFO    | ======================================================================
2026-10-03 08:52:35 | INFO    | SEN12MS-CR-TS dataset inspection (Phase 1) - READ ONLY
2026-10-03 08:52:35 | INFO    | Dataset root : C:\Users\rohii\OneDrive\Desktop\sentineldataset
2026-10-03 08:52:35 | INFO    | Analysis root: C:\Users\rohii\OneDrive\Desktop\sentineldataset\sentinel_dataset_analysis
2026-10-03 08:52:35 | INFO    | ======================================================================
2026-10-03 08:52:35 | INFO    | Scanning for GeoTIFF files under: C:\Users\rohii\OneDrive\Desktop\sentineldataset
2026-10-03 08:52:47 | INFO    | Discovered 15360 GeoTIFF file(s) in 11.64 s
2026-10-03 08:52:51 | INFO    |   ... 500/15360 files processed (132.2 files/s)
2026-10-03 08:52:54 | INFO    |   ... 1000/15360 files processed (146.7 files/s)
2026-10-03 08:53:10 | INFO    |   ... 1500/15360 files processed (66.3 files/s)
2026-10-03 08:53:23 | INFO    |   ... 2000/15360 files processed (55.6 files/s)
2026-10-03 08:53:39 | INFO    |   ... 2500/15360 files processed (48.5 files/s)
2026-10-03 08:53:48 | INFO    |   ... 3000/15360 files processed (49.7 files/s)
2026-10-03 08:53:56 | INFO    |   ... 3500/15360 files processed (50.9 files/s)
2026-10-03 08:54:05 | INFO    |   ... 4000/15360 files processed (51.2 files/s)
2026-10-03 08:54:15 | INFO    |   ... 4500/15360 files processed (51.4 files/s)
2026-10-03 08:54:26 | INFO    |   ... 5000/15360 files processed (50.9 files/s)
2026-10-03 08:54:35 | INFO    |   ... 5500/15360 files processed (51.2 files/s)
2026-10-03 08:54:43 | INFO    |   ... 6000/15360 files processed (51.9 files/s)
2026-10-03 08:54:50 | INFO    |   ... 6500/15360 files processed (52.9 files/s)
2026-10-03 08:54:58 | INFO    |   ... 7000/15360 files processed (53.4 files/s)
2026-10-03 08:55:06 | INFO    |   ... 7500/15360 files processed (54.0 files/s)
2026-10-03 08:55:14 | INFO    |   ... 8000/15360 files processed (54.5 files/s)
2026-10-03 08:55:21 | INFO    |   ... 8500/15360 files processed (55.1 files/s)
2026-10-03 08:55:30 | INFO    |   ... 9000/15360 files processed (55.2 files/s)
2026-10-03 08:55:38 | INFO    |   ... 9500/15360 files processed (55.7 files/s)
2026-10-03 08:55:45 | INFO    |   ... 10000/15360 files processed (56.2 files/s)
2026-10-03 08:55:52 | INFO    |   ... 10500/15360 files processed (56.7 files/s)
2026-10-03 08:56:00 | INFO    |   ... 11000/15360 files processed (57.0 files/s)
2026-10-03 08:56:07 | INFO    |   ... 11500/15360 files processed (57.4 files/s)
2026-10-03 08:56:15 | INFO    |   ... 12000/15360 files processed (57.8 files/s)
2026-10-03 08:56:22 | INFO    |   ... 12500/15360 files processed (58.2 files/s)
2026-10-03 08:56:30 | INFO    |   ... 13000/15360 files processed (58.5 files/s)
2026-10-03 08:56:37 | INFO    |   ... 13500/15360 files processed (58.8 files/s)
2026-10-03 08:56:45 | INFO    |   ... 14000/15360 files processed (58.9 files/s)
2026-10-03 08:56:52 | INFO    |   ... 14500/15360 files processed (59.2 files/s)
2026-10-03 08:57:00 | INFO    |   ... 15000/15360 files processed (59.3 files/s)
2026-10-03 08:57:05 | INFO    | Scanned 15360 file(s) in 258.05 s (59.5 files/s)
2026-10-03 08:57:07 | INFO    | Wrote table : C:\Users\rohii\OneDrive\Desktop\sentineldataset\sentinel_dataset_analysis\metadata\dataset_inventory.csv (15360 rows)
2026-10-03 08:57:07 | INFO    | Wrote table : C:\Users\rohii\OneDrive\Desktop\sentineldataset\sentinel_dataset_analysis\metadata\roi_metadata.csv (7 rows)
2026-10-03 08:57:07 | INFO    | Wrote table : C:\Users\rohii\OneDrive\Desktop\sentineldataset\sentinel_dataset_analysis\metadata\image_relationships.csv (7680 rows)
2026-10-03 08:57:09 | INFO    | Wrote report: C:\Users\rohii\OneDrive\Desktop\sentineldataset\sentinel_dataset_analysis\reports\dataset_summary.txt
2026-10-03 08:57:09 | INFO    | Wrote report: C:\Users\rohii\OneDrive\Desktop\sentineldataset\sentinel_dataset_analysis\reports\validation_report.txt
2026-10-03 08:57:09 | INFO    | Wrote report: C:\Users\rohii\OneDrive\Desktop\sentineldataset\sentinel_dataset_analysis\reports\folder_structure.txt
2026-10-03 08:57:09 | INFO    | ----------------------------------------------------------------------
2026-10-03 08:57:09 | INFO    | INSPECTION COMPLETE
2026-10-03 08:57:09 | INFO    | ----------------------------------------------------------------------
2026-10-03 08:57:09 | INFO    | Files inspected        : 15360
2026-10-03 08:57:09 | INFO    | ROIs identified        : 7
2026-10-03 08:57:09 | INFO    | Candidate SAR/optical pairs : 7680
2026-10-03 08:57:09 | INFO    | Unreadable/empty files : 0
2026-10-03 08:57:09 | INFO    | Outputs written to:
2026-10-03 08:57:09 | INFO    |   C:\Users\rohii\OneDrive\Desktop\sentineldataset\sentinel_dataset_analysis\metadata
2026-10-03 08:57:09 | INFO    |   C:\Users\rohii\OneDrive\Desktop\sentineldataset\sentinel_dataset_analysis\reports
2026-10-03 08:57:09 | INFO    |   C:\Users\rohii\OneDrive\Desktop\sentineldataset\sentinel_dataset_analysis\logs
2026-10-03 08:57:09 | INFO    | ----------------------------------------------------------------------
2026-10-03 08:57:09 | INFO    | Original dataset was NOT modified in any way.
2026-10-03 08:57:09 | INFO    | Next: review reports/dataset_summary.txt before requesting Phase 2.
